Experiment benchmark log
workers=4
output_dir=tmp_bench

=== exp2_n30_dense ===
$ C:\Users\adamf\Desktop\student_debil\magisterka_sem1\projekt_gry_komb\.venv\Scripts\python.exe -m cops_and_robbers.experiments.exp2_bot_matrix --games 5 --buckets n30_dense --output-dir tmp_bench --workers 4 --quiet
Eksperyment 2 - Macierz bot vs bot
  kubelki: [('n30_dense', 30, 75)]
  T=max(20, 1.6666666666666667*n)  n_cops=1  graph_type=any
  N=5 gier na komórkê/kube³ek  master_seed=42
  Strategie: ['random', 'greedy', 'minimax(d=3)']
  placement=heuristic

=== kubelek n30_dense: n=30, m=75, T=50 ===
--- COP=random vs ROBBER=random ---
  -> cop win-rate = 80.0%  mean_rounds = 21.2  (1.4 ms/game)

--- COP=random vs ROBBER=greedy ---
  -> cop win-rate = 0.0%  mean_rounds = 50.0  (5.3 ms/game)

--- COP=random vs ROBBER=minimax(d=3) ---
  -> cop win-rate = 0.0%  mean_rounds = 50.0  (2048.0 ms/game)

--- COP=greedy vs ROBBER=random ---
  -> cop win-rate = 100.0%  mean_rounds = 3.2  (1.0 ms/game)

--- COP=greedy vs ROBBER=greedy ---
  -> cop win-rate = 80.0%  mean_rounds = 34.2  (4.9 ms/game)

--- COP=greedy vs ROBBER=minimax(d=3) ---
  -> cop win-rate = 0.0%  mean_rounds = 50.0  (1839.3 ms/game)

--- COP=minimax(d=3) vs ROBBER=random ---
  -> cop win-rate = 100.0%  mean_rounds = 3.8  (162.9 ms/game)

--- COP=minimax(d=3) vs ROBBER=greedy ---
  -> cop win-rate = 20.0%  mean_rounds = 40.6  (1238.9 ms/game)

--- COP=minimax(d=3) vs ROBBER=minimax(d=3) ---
  -> cop win-rate = 20.0%  mean_rounds = 40.6  (2999.7 ms/game)

Zapisano: tmp_bench\exp2_bot_matrix.csv

==============================================================================
MACIERZ WIN-RATE POLICJANTÓW  (wiersz = strategia cop, kolumna = robber)
==============================================================================
      cop \ robber            random            greedy      minimax(d=3)
------------------------------------------------------------------------

[n30_dense]
            random             80.0%              0.0%              0.0%
            greedy            100.0%             80.0%              0.0%
      minimax(d=3)            100.0%             20.0%             20.0%

Czas laczny: 19.9 s

[exp2_n30_dense] exit_code=0 elapsed=20.7s

=== exp3_n5_n30 ===
$ C:\Users\adamf\Desktop\student_debil\magisterka_sem1\projekt_gry_komb\.venv\Scripts\python.exe -m cops_and_robbers.experiments.exp3_size_sweep --games 5 --n-values 5 30 --output-dir tmp_bench --workers 4 --quiet
Eksperyment 3 - Wplyw rozmiaru grafu na win-rate
  n in [5, 30]
  m/n = 1.5   T = 2.0 * n  (min 10)
  n_cops=1  graph_type=any  placement=heuristic
  N=5 gier na punkt   master_seed=42
  Porownania (cop-strategies): ['COP=random vs ROBBER=greedy', 'COP=greedy vs ROBBER=greedy', 'COP=minimax(d=3) vs ROBBER=greedy', 'COP=random vs ROBBER=minimax(d=3)', 'COP=greedy vs ROBBER=minimax(d=3)', 'COP=minimax(d=3) vs ROBBER=minimax(d=3)']

--- n=5  m=8  T=10  COP=random vs ROBBER=greedy ---
  -> cop win-rate = 60.0%  mean_rounds = 7.8  (1 ms/game)

--- n=5  m=8  T=10  COP=greedy vs ROBBER=greedy ---
  -> cop win-rate = 100.0%  mean_rounds = 1.0  (0 ms/game)

--- n=5  m=8  T=10  COP=minimax(d=3) vs ROBBER=greedy ---
  -> cop win-rate = 100.0%  mean_rounds = 1.0  (7 ms/game)

--- n=5  m=8  T=10  COP=random vs ROBBER=minimax(d=3) ---
  -> cop win-rate = 40.0%  mean_rounds = 8.4  (31 ms/game)

--- n=5  m=8  T=10  COP=greedy vs ROBBER=minimax(d=3) ---
  -> cop win-rate = 100.0%  mean_rounds = 1.0  (0 ms/game)

--- n=5  m=8  T=10  COP=minimax(d=3) vs ROBBER=minimax(d=3) ---
  -> cop win-rate = 100.0%  mean_rounds = 1.0  (8 ms/game)

--- n=30  m=45  T=60  COP=random vs ROBBER=greedy ---
  -> cop win-rate = 20.0%  mean_rounds = 53.6  (4 ms/game)

--- n=30  m=45  T=60  COP=greedy vs ROBBER=greedy ---
  -> cop win-rate = 100.0%  mean_rounds = 4.6  (1 ms/game)

--- n=30  m=45  T=60  COP=minimax(d=3) vs ROBBER=greedy ---
  -> cop win-rate = 80.0%  mean_rounds = 17.6  (205 ms/game)

--- n=30  m=45  T=60  COP=random vs ROBBER=minimax(d=3) ---
  -> cop win-rate = 0.0%  mean_rounds = 60.0  (936 ms/game)

--- n=30  m=45  T=60  COP=greedy vs ROBBER=minimax(d=3) ---
  -> cop win-rate = 20.0%  mean_rounds = 48.8  (801 ms/game)

--- n=30  m=45  T=60  COP=minimax(d=3) vs ROBBER=minimax(d=3) ---
  -> cop win-rate = 20.0%  mean_rounds = 48.8  (1832 ms/game)

Zapisano: tmp_bench\exp3_size_sweep.csv
Czas laczny: 15.9 s

[exp3_n5_n30] exit_code=0 elapsed=16.3s

=== exp4_n30_dense_k1_k3_any_planar ===
$ C:\Users\adamf\Desktop\student_debil\magisterka_sem1\projekt_gry_komb\.venv\Scripts\python.exe -m cops_and_robbers.experiments.exp4_cops_x_type --games 3 --buckets n30_dense --k-values 1 3 --graph-types any planar --output-dir tmp_bench --workers 4 --quiet
Eksperyment 4 - Liczba policjantow x typ grafu
  kubelki: [('n30_dense', 30, 75)]  T=max(20, 1.6666666666666667*n)
  k in [1, 3]   typy: ['any', 'planar']
  N=3 gier na konfiguracje   master_seed=42
  Strategie: minimax  placement=heuristic

--- k=1, kubelek=n30_dense, typ=any  (n=30, m=75, T=50, cop=minimax(d=3,adaptive), robber=minimax(d=3,adaptive)) ---
  -> cop win-rate = 0.0%  mean_rounds = 50.0  (3278 ms/game)

--- k=1, kubelek=n30_dense, typ=planar  (n=30, m=75, T=50, cop=minimax(d=3,adaptive), robber=minimax(d=3,adaptive)) ---
  -> cop win-rate = 100.0%  mean_rounds = 4.7  (194 ms/game)

--- k=3, kubelek=n30_dense, typ=any  (n=30, m=75, T=50, cop=minimax(d=3,adaptive), robber=minimax(d=3,adaptive)) ---
  -> cop win-rate = 100.0%  mean_rounds = 2.7  (12822 ms/game)

--- k=3, kubelek=n30_dense, typ=planar  (n=30, m=75, T=50, cop=minimax(d=3,adaptive), robber=minimax(d=3,adaptive)) ---
  -> cop win-rate = 100.0%  mean_rounds = 2.0  (31277 ms/game)

Zapisano: tmp_bench\exp4_cops_x_type.csv

================================================================
WIN-RATE POLICJANTÓW  (wiersz = k, kolumna = typ grafu)
================================================================
       k \ typ           any        planar
------------------------------------------

[n30_dense]
             1          0.0%        100.0%
             3        100.0%        100.0%

Czas laczny: 71.4 s

Oczekiwane: drzewa @ k=1 ~= 100%, planarne @ k=3 ~= 100%,
           dowolne @ k=1 - nizsze niz przy k=3.

[exp4_n30_dense_k1_k3_any_planar] exit_code=0 elapsed=71.9s

=== SUMMARY ===
exp2_n30_dense: 20.7s
exp3_n5_n30: 16.3s
exp4_n30_dense_k1_k3_any_planar: 71.9s
total: 108.9s
