Full experiment run log
workers=11
output_dir=src/results
exp2_games=1000
exp3_games=1000
exp4_games=200

=== exp2_bot_matrix ===
$ /home/antek/studia/MSI/kombinatoryczne/Graph-Theft-Auto/.venv/bin/python -m cops_and_robbers.experiments.exp2_bot_matrix --games 1000 --output-dir src/results --workers 11 --quiet
Eksperyment 2 - Macierz bot vs bot
  kubelki: [('n12_sparse', 12, 18), ('n12_dense', 12, 30), ('n30_sparse', 30, 45), ('n30_dense', 30, 75)]
  T=max(20, 1.6666666666666667*n)  n_cops=1  graph_type=any
  N=1000 gier na komórkę/kubełek  master_seed=42
  Strategie: ['random', 'greedy', 'minimax(d=3)']
  placement=heuristic

=== kubelek n12_sparse: n=12, m=18, T=20 ===
--- COP=random vs ROBBER=random ---
  -> cop win-rate = 90.2%  mean_rounds = 8.6  (0.2 ms/game)

--- COP=random vs ROBBER=greedy ---
  -> cop win-rate = 10.6%  mean_rounds = 19.2  (0.6 ms/game)

--- COP=random vs ROBBER=minimax(d=3) ---
  -> cop win-rate = 2.3%  mean_rounds = 19.8  (62.8 ms/game)

--- COP=greedy vs ROBBER=random ---
  -> cop win-rate = 100.0%  mean_rounds = 2.5  (0.1 ms/game)

--- COP=greedy vs ROBBER=greedy ---
  -> cop win-rate = 75.9%  mean_rounds = 10.7  (0.4 ms/game)

--- COP=greedy vs ROBBER=minimax(d=3) ---
  -> cop win-rate = 32.0%  mean_rounds = 15.5  (46.7 ms/game)

--- COP=minimax(d=3) vs ROBBER=random ---
  -> cop win-rate = 100.0%  mean_rounds = 2.8  (12.5 ms/game)

--- COP=minimax(d=3) vs ROBBER=greedy ---
  -> cop win-rate = 37.2%  mean_rounds = 14.1  (51.2 ms/game)

--- COP=minimax(d=3) vs ROBBER=minimax(d=3) ---
  -> cop win-rate = 19.3%  mean_rounds = 16.7  (116.0 ms/game)

=== kubelek n12_dense: n=12, m=30, T=20 ===
--- COP=random vs ROBBER=random ---
  -> cop win-rate = 95.4%  mean_rounds = 7.2  (0.2 ms/game)

--- COP=random vs ROBBER=greedy ---
  -> cop win-rate = 5.1%  mean_rounds = 19.6  (0.7 ms/game)

--- COP=random vs ROBBER=minimax(d=3) ---
  -> cop win-rate = 1.8%  mean_rounds = 19.8  (169.8 ms/game)

--- COP=greedy vs ROBBER=random ---
  -> cop win-rate = 100.0%  mean_rounds = 2.5  (0.1 ms/game)

--- COP=greedy vs ROBBER=greedy ---
  -> cop win-rate = 47.1%  mean_rounds = 15.2  (0.7 ms/game)

--- COP=greedy vs ROBBER=minimax(d=3) ---
  -> cop win-rate = 20.9%  mean_rounds = 17.8  (147.1 ms/game)

--- COP=minimax(d=3) vs ROBBER=random ---
  -> cop win-rate = 100.0%  mean_rounds = 2.5  (30.3 ms/game)

--- COP=minimax(d=3) vs ROBBER=greedy ---
  -> cop win-rate = 38.5%  mean_rounds = 14.5  (149.3 ms/game)

--- COP=minimax(d=3) vs ROBBER=minimax(d=3) ---
  -> cop win-rate = 15.5%  mean_rounds = 17.6  (328.4 ms/game)

=== kubelek n30_sparse: n=30, m=45, T=50 ===
--- COP=random vs ROBBER=random ---
  -> cop win-rate = 85.2%  mean_rounds = 25.3  (0.6 ms/game)

--- COP=random vs ROBBER=greedy ---
  -> cop win-rate = 10.5%  mean_rounds = 48.0  (1.3 ms/game)

--- COP=random vs ROBBER=minimax(d=3) ---
  -> cop win-rate = 0.9%  mean_rounds = 49.8  (273.1 ms/game)

--- COP=greedy vs ROBBER=random ---
  -> cop win-rate = 100.0%  mean_rounds = 3.7  (0.3 ms/game)

--- COP=greedy vs ROBBER=greedy ---
  -> cop win-rate = 95.4%  mean_rounds = 15.5  (0.8 ms/game)

--- COP=greedy vs ROBBER=minimax(d=3) ---
  -> cop win-rate = 19.0%  mean_rounds = 42.4  (235.9 ms/game)

--- COP=minimax(d=3) vs ROBBER=random ---
  -> cop win-rate = 100.0%  mean_rounds = 4.0  (21.3 ms/game)

--- COP=minimax(d=3) vs ROBBER=greedy ---
  -> cop win-rate = 39.4%  mean_rounds = 32.8  (150.9 ms/game)

--- COP=minimax(d=3) vs ROBBER=minimax(d=3) ---
  -> cop win-rate = 11.2%  mean_rounds = 44.9  (445.4 ms/game)

=== kubelek n30_dense: n=30, m=75, T=50 ===
--- COP=random vs ROBBER=random ---
  -> cop win-rate = 92.9%  mean_rounds = 19.2  (0.5 ms/game)

--- COP=random vs ROBBER=greedy ---
  -> cop win-rate = 2.2%  mean_rounds = 49.7  (2.0 ms/game)

--- COP=random vs ROBBER=minimax(d=3) ---
  -> cop win-rate = 0.0%  mean_rounds = 50.0  (787.2 ms/game)

--- COP=greedy vs ROBBER=random ---
  -> cop win-rate = 100.0%  mean_rounds = 3.6  (0.3 ms/game)

--- COP=greedy vs ROBBER=greedy ---
  -> cop win-rate = 36.6%  mean_rounds = 39.7  (2.0 ms/game)

--- COP=greedy vs ROBBER=minimax(d=3) ---
  -> cop win-rate = 7.1%  mean_rounds = 47.7  (756.0 ms/game)

--- COP=minimax(d=3) vs ROBBER=random ---
  -> cop win-rate = 100.0%  mean_rounds = 3.8  (65.7 ms/game)

--- COP=minimax(d=3) vs ROBBER=greedy ---
  -> cop win-rate = 13.3%  mean_rounds = 44.9  (569.4 ms/game)

--- COP=minimax(d=3) vs ROBBER=minimax(d=3) ---
  -> cop win-rate = 2.6%  mean_rounds = 48.8  (1457.9 ms/game)

Zapisano: src/results/exp2_bot_matrix.csv

==============================================================================
MACIERZ WIN-RATE POLICJANTÓW  (wiersz = strategia cop, kolumna = robber)
==============================================================================
      cop \ robber            random            greedy      minimax(d=3)
------------------------------------------------------------------------

[n12_sparse]
            random             90.2%             10.6%              2.3%
            greedy            100.0%             75.9%             32.0%
      minimax(d=3)            100.0%             37.2%             19.3%

[n12_dense]
            random             95.4%              5.1%              1.8%
            greedy            100.0%             47.1%             20.9%
      minimax(d=3)            100.0%             38.5%             15.5%

[n30_sparse]
            random             85.2%             10.5%              0.9%
            greedy            100.0%             95.4%             19.0%
      minimax(d=3)            100.0%             39.4%             11.2%

[n30_dense]
            random             92.9%              2.2%              0.0%
            greedy            100.0%             36.6%              7.1%
      minimax(d=3)            100.0%             13.3%              2.6%

Czas laczny: 590.1 s

[exp2_bot_matrix] exit_code=0 elapsed=590.2s

=== exp3_size_sweep ===
$ /home/antek/studia/MSI/kombinatoryczne/Graph-Theft-Auto/.venv/bin/python -m cops_and_robbers.experiments.exp3_size_sweep --games 1000 --output-dir src/results --workers 11 --quiet
Eksperyment 3 - Wplyw rozmiaru grafu na win-rate
  n in [5, 8, 10, 15, 20, 25, 30]
  m/n = 1.5   T = 2.0 * n  (min 10)
  n_cops=1  graph_type=any  placement=heuristic
  N=1000 gier na punkt   master_seed=42
  Porownania (cop-strategies): ['COP=random vs ROBBER=greedy', 'COP=greedy vs ROBBER=greedy', 'COP=minimax(d=3) vs ROBBER=greedy', 'COP=random vs ROBBER=minimax(d=3)', 'COP=greedy vs ROBBER=minimax(d=3)', 'COP=minimax(d=3) vs ROBBER=minimax(d=3)']

--- n=5  m=8  T=10  COP=random vs ROBBER=greedy ---
  -> cop win-rate = 63.5%  mean_rounds = 6.3  (0 ms/game)

--- n=5  m=8  T=10  COP=greedy vs ROBBER=greedy ---
  -> cop win-rate = 100.0%  mean_rounds = 1.0  (0 ms/game)

--- n=5  m=8  T=10  COP=minimax(d=3) vs ROBBER=greedy ---
  -> cop win-rate = 100.0%  mean_rounds = 1.0  (3 ms/game)

--- n=5  m=8  T=10  COP=random vs ROBBER=minimax(d=3) ---
  -> cop win-rate = 63.3%  mean_rounds = 6.3  (10 ms/game)

--- n=5  m=8  T=10  COP=greedy vs ROBBER=minimax(d=3) ---
  -> cop win-rate = 100.0%  mean_rounds = 1.0  (0 ms/game)

--- n=5  m=8  T=10  COP=minimax(d=3) vs ROBBER=minimax(d=3) ---
  -> cop win-rate = 100.0%  mean_rounds = 1.0  (3 ms/game)

--- n=8  m=12  T=16  COP=random vs ROBBER=greedy ---
  -> cop win-rate = 13.5%  mean_rounds = 15.1  (0 ms/game)

--- n=8  m=12  T=16  COP=greedy vs ROBBER=greedy ---
  -> cop win-rate = 73.5%  mean_rounds = 8.9  (0 ms/game)

--- n=8  m=12  T=16  COP=minimax(d=3) vs ROBBER=greedy ---
  -> cop win-rate = 34.1%  mean_rounds = 11.7  (35 ms/game)

--- n=8  m=12  T=16  COP=random vs ROBBER=minimax(d=3) ---
  -> cop win-rate = 8.0%  mean_rounds = 15.4  (35 ms/game)

--- n=8  m=12  T=16  COP=greedy vs ROBBER=minimax(d=3) ---
  -> cop win-rate = 34.4%  mean_rounds = 12.4  (27 ms/game)

--- n=8  m=12  T=16  COP=minimax(d=3) vs ROBBER=minimax(d=3) ---
  -> cop win-rate = 18.0%  mean_rounds = 13.5  (72 ms/game)

--- n=10  m=15  T=20  COP=random vs ROBBER=greedy ---
  -> cop win-rate = 12.6%  mean_rounds = 19.0  (1 ms/game)

--- n=10  m=15  T=20  COP=greedy vs ROBBER=greedy ---
  -> cop win-rate = 77.6%  mean_rounds = 10.4  (0 ms/game)

--- n=10  m=15  T=20  COP=minimax(d=3) vs ROBBER=greedy ---
  -> cop win-rate = 32.8%  mean_rounds = 14.8  (50 ms/game)

--- n=10  m=15  T=20  COP=random vs ROBBER=minimax(d=3) ---
  -> cop win-rate = 3.4%  mean_rounds = 19.6  (55 ms/game)

--- n=10  m=15  T=20  COP=greedy vs ROBBER=minimax(d=3) ---
  -> cop win-rate = 29.3%  mean_rounds = 16.2  (43 ms/game)

--- n=10  m=15  T=20  COP=minimax(d=3) vs ROBBER=minimax(d=3) ---
  -> cop win-rate = 12.6%  mean_rounds = 17.8  (113 ms/game)

--- n=15  m=22  T=30  COP=random vs ROBBER=greedy ---
  -> cop win-rate = 12.9%  mean_rounds = 28.5  (1 ms/game)

--- n=15  m=22  T=30  COP=greedy vs ROBBER=greedy ---
  -> cop win-rate = 85.3%  mean_rounds = 12.8  (0 ms/game)

--- n=15  m=22  T=30  COP=minimax(d=3) vs ROBBER=greedy ---
  -> cop win-rate = 35.6%  mean_rounds = 21.0  (75 ms/game)

--- n=15  m=22  T=30  COP=random vs ROBBER=minimax(d=3) ---
  -> cop win-rate = 1.3%  mean_rounds = 29.8  (105 ms/game)

--- n=15  m=22  T=30  COP=greedy vs ROBBER=minimax(d=3) ---
  -> cop win-rate = 31.5%  mean_rounds = 22.6  (76 ms/game)

--- n=15  m=22  T=30  COP=minimax(d=3) vs ROBBER=minimax(d=3) ---
  -> cop win-rate = 21.3%  mean_rounds = 24.3  (164 ms/game)

--- n=20  m=30  T=40  COP=random vs ROBBER=greedy ---
  -> cop win-rate = 12.9%  mean_rounds = 38.1  (1 ms/game)

--- n=20  m=30  T=40  COP=greedy vs ROBBER=greedy ---
  -> cop win-rate = 89.0%  mean_rounds = 16.4  (1 ms/game)

--- n=20  m=30  T=40  COP=minimax(d=3) vs ROBBER=greedy ---
  -> cop win-rate = 30.1%  mean_rounds = 29.8  (124 ms/game)

--- n=20  m=30  T=40  COP=random vs ROBBER=minimax(d=3) ---
  -> cop win-rate = 1.2%  mean_rounds = 39.7  (175 ms/game)

--- n=20  m=30  T=40  COP=greedy vs ROBBER=minimax(d=3) ---
  -> cop win-rate = 21.8%  mean_rounds = 33.4  (146 ms/game)

--- n=20  m=30  T=40  COP=minimax(d=3) vs ROBBER=minimax(d=3) ---
  -> cop win-rate = 12.1%  mean_rounds = 35.5  (293 ms/game)

--- n=25  m=38  T=50  COP=random vs ROBBER=greedy ---
  -> cop win-rate = 12.0%  mean_rounds = 47.6  (1 ms/game)

--- n=25  m=38  T=50  COP=greedy vs ROBBER=greedy ---
  -> cop win-rate = 94.3%  mean_rounds = 16.3  (1 ms/game)

--- n=25  m=38  T=50  COP=minimax(d=3) vs ROBBER=greedy ---
  -> cop win-rate = 34.5%  mean_rounds = 34.9  (159 ms/game)

--- n=25  m=38  T=50  COP=random vs ROBBER=minimax(d=3) ---
  -> cop win-rate = 0.7%  mean_rounds = 49.9  (256 ms/game)

--- n=25  m=38  T=50  COP=greedy vs ROBBER=minimax(d=3) ---
  -> cop win-rate = 17.1%  mean_rounds = 43.3  (226 ms/game)

--- n=25  m=38  T=50  COP=minimax(d=3) vs ROBBER=minimax(d=3) ---
  -> cop win-rate = 9.6%  mean_rounds = 45.6  (441 ms/game)

--- n=30  m=45  T=60  COP=random vs ROBBER=greedy ---
  -> cop win-rate = 12.6%  mean_rounds = 56.9  (2 ms/game)

--- n=30  m=45  T=60  COP=greedy vs ROBBER=greedy ---
  -> cop win-rate = 96.9%  mean_rounds = 15.9  (1 ms/game)

--- n=30  m=45  T=60  COP=minimax(d=3) vs ROBBER=greedy ---
  -> cop win-rate = 39.5%  mean_rounds = 38.8  (174 ms/game)

--- n=30  m=45  T=60  COP=random vs ROBBER=minimax(d=3) ---
  -> cop win-rate = 0.9%  mean_rounds = 59.7  (329 ms/game)

--- n=30  m=45  T=60  COP=greedy vs ROBBER=minimax(d=3) ---
  -> cop win-rate = 19.2%  mean_rounds = 50.4  (284 ms/game)

--- n=30  m=45  T=60  COP=minimax(d=3) vs ROBBER=minimax(d=3) ---
  -> cop win-rate = 11.2%  mean_rounds = 53.7  (534 ms/game)

Zapisano: src/results/exp3_size_sweep.csv
Czas laczny: 399.8 s

[exp3_size_sweep] exit_code=0 elapsed=399.9s

=== exp4_cops_x_type ===
$ /home/antek/studia/MSI/kombinatoryczne/Graph-Theft-Auto/.venv/bin/python -m cops_and_robbers.experiments.exp4_cops_x_type --games 200 --output-dir src/results --workers 11 --quiet
Eksperyment 4 - Liczba policjantow x typ grafu
  kubelki: [('n12_sparse', 12, 18), ('n12_dense', 12, 30), ('n30_sparse', 30, 45), ('n30_dense', 30, 75)]  T=max(20, 1.6666666666666667*n)
  k in [1, 2, 3]   typy: ['any', 'tree', 'planar']
  N=200 gier na konfiguracje   master_seed=42
  Strategie: minimax  placement=heuristic

--- k=1, kubelek=n12_sparse, typ=any  (n=12, m=18, T=20, cop=minimax(d=3,adaptive), robber=minimax(d=3,adaptive)) ---
  -> cop win-rate = 19.0%  mean_rounds = 16.8  (114 ms/game)

--- k=1, kubelek=n12_sparse, typ=tree  (n=12, m=11, T=20, cop=minimax(d=3,adaptive), robber=minimax(d=3,adaptive)) ---
  -> cop win-rate = 100.0%  mean_rounds = 3.3  (6 ms/game)

--- k=1, kubelek=n12_sparse, typ=planar  (n=12, m=18, T=20, cop=minimax(d=3,adaptive), robber=minimax(d=3,adaptive)) ---
  -> cop win-rate = 22.5%  mean_rounds = 16.1  (114 ms/game)

--- k=1, kubelek=n12_dense, typ=any  (n=12, m=30, T=20, cop=minimax(d=3,adaptive), robber=minimax(d=3,adaptive)) ---
  -> cop win-rate = 18.5%  mean_rounds = 17.0  (316 ms/game)

--- k=1, kubelek=n12_dense, typ=tree  (n=12, m=11, T=20, cop=minimax(d=3,adaptive), robber=minimax(d=3,adaptive)) ---
  -> cop win-rate = 100.0%  mean_rounds = 3.3  (5 ms/game)

--- k=1, kubelek=n12_dense, typ=planar  (n=12, m=30, T=20, cop=minimax(d=3,adaptive), robber=minimax(d=3,adaptive)) ---
  -> cop win-rate = 20.5%  mean_rounds = 16.3  (345 ms/game)

--- k=1, kubelek=n30_sparse, typ=any  (n=30, m=45, T=50, cop=minimax(d=3,adaptive), robber=minimax(d=3,adaptive)) ---
  -> cop win-rate = 12.5%  mean_rounds = 44.2  (453 ms/game)

--- k=1, kubelek=n30_sparse, typ=tree  (n=30, m=29, T=50, cop=minimax(d=3,adaptive), robber=minimax(d=3,adaptive)) ---
  -> cop win-rate = 100.0%  mean_rounds = 5.1  (13 ms/game)

--- k=1, kubelek=n30_sparse, typ=planar  (n=30, m=45, T=50, cop=minimax(d=3,adaptive), robber=minimax(d=3,adaptive)) ---
  -> cop win-rate = 8.0%  mean_rounds = 46.4  (470 ms/game)

--- k=1, kubelek=n30_dense, typ=any  (n=30, m=75, T=50, cop=minimax(d=3,adaptive), robber=minimax(d=3,adaptive)) ---
  -> cop win-rate = 3.5%  mean_rounds = 48.4  (1473 ms/game)

--- k=1, kubelek=n30_dense, typ=tree  (n=30, m=29, T=50, cop=minimax(d=3,adaptive), robber=minimax(d=3,adaptive)) ---
  -> cop win-rate = 100.0%  mean_rounds = 5.1  (13 ms/game)

--- k=1, kubelek=n30_dense, typ=planar  (n=30, m=75, T=50, cop=minimax(d=3,adaptive), robber=minimax(d=3,adaptive)) ---
  -> cop win-rate = 25.5%  mean_rounds = 38.3  (1309 ms/game)

--- k=2, kubelek=n12_sparse, typ=any  (n=12, m=18, T=20, cop=minimax(d=3,adaptive), robber=minimax(d=3,adaptive)) ---
  -> cop win-rate = 100.0%  mean_rounds = 2.4  (256 ms/game)

--- k=2, kubelek=n12_sparse, typ=tree  (n=12, m=11, T=20, cop=minimax(d=3,adaptive), robber=minimax(d=3,adaptive)) ---
  -> cop win-rate = 100.0%  mean_rounds = 2.8  (56 ms/game)

--- k=2, kubelek=n12_sparse, typ=planar  (n=12, m=18, T=20, cop=minimax(d=3,adaptive), robber=minimax(d=3,adaptive)) ---
  -> cop win-rate = 100.0%  mean_rounds = 2.4  (259 ms/game)

--- k=2, kubelek=n12_dense, typ=any  (n=12, m=30, T=20, cop=minimax(d=3,adaptive), robber=minimax(d=3,adaptive)) ---
  -> cop win-rate = 100.0%  mean_rounds = 1.8  (286 ms/game)

--- k=2, kubelek=n12_dense, typ=tree  (n=12, m=11, T=20, cop=minimax(d=3,adaptive), robber=minimax(d=3,adaptive)) ---
  -> cop win-rate = 100.0%  mean_rounds = 2.8  (55 ms/game)

--- k=2, kubelek=n12_dense, typ=planar  (n=12, m=30, T=20, cop=minimax(d=3,adaptive), robber=minimax(d=3,adaptive)) ---
  -> cop win-rate = 100.0%  mean_rounds = 1.5  (166 ms/game)

--- k=2, kubelek=n30_sparse, typ=any  (n=30, m=45, T=50, cop=minimax(d=3,adaptive), robber=minimax(d=3,adaptive)) ---
  -> cop win-rate = 97.5%  mean_rounds = 5.3  (778 ms/game)

--- k=2, kubelek=n30_sparse, typ=tree  (n=30, m=29, T=50, cop=minimax(d=3,adaptive), robber=minimax(d=3,adaptive)) ---
  -> cop win-rate = 100.0%  mean_rounds = 4.5  (194 ms/game)

--- k=2, kubelek=n30_sparse, typ=planar  (n=30, m=45, T=50, cop=minimax(d=3,adaptive), robber=minimax(d=3,adaptive)) ---
  -> cop win-rate = 99.5%  mean_rounds = 4.0  (505 ms/game)

--- k=2, kubelek=n30_dense, typ=any  (n=30, m=75, T=50, cop=minimax(d=3,adaptive), robber=minimax(d=3,adaptive)) ---
  -> cop win-rate = 53.0%  mean_rounds = 25.8  (6152 ms/game)

--- k=2, kubelek=n30_dense, typ=tree  (n=30, m=29, T=50, cop=minimax(d=3,adaptive), robber=minimax(d=3,adaptive)) ---
  -> cop win-rate = 100.0%  mean_rounds = 4.5  (197 ms/game)

--- k=2, kubelek=n30_dense, typ=planar  (n=30, m=75, T=50, cop=minimax(d=3,adaptive), robber=minimax(d=3,adaptive)) ---
  -> cop win-rate = 93.5%  mean_rounds = 6.3  (1624 ms/game)

--- k=3, kubelek=n12_sparse, typ=any  (n=12, m=18, T=20, cop=minimax(d=3,adaptive), robber=minimax(d=3,adaptive)) ---
  -> cop win-rate = 100.0%  mean_rounds = 2.0  (196 ms/game)

--- k=3, kubelek=n12_sparse, typ=tree  (n=12, m=11, T=20, cop=minimax(d=3,adaptive), robber=minimax(d=3,adaptive)) ---
  -> cop win-rate = 100.0%  mean_rounds = 2.4  (283 ms/game)

--- k=3, kubelek=n12_sparse, typ=planar  (n=12, m=18, T=20, cop=minimax(d=3,adaptive), robber=minimax(d=3,adaptive)) ---
  -> cop win-rate = 100.0%  mean_rounds = 2.0  (234 ms/game)

--- k=3, kubelek=n12_dense, typ=any  (n=12, m=30, T=20, cop=minimax(d=3,adaptive), robber=minimax(d=3,adaptive)) ---
  -> cop win-rate = 100.0%  mean_rounds = 1.4  (851 ms/game)

--- k=3, kubelek=n12_dense, typ=tree  (n=12, m=11, T=20, cop=minimax(d=3,adaptive), robber=minimax(d=3,adaptive)) ---
  -> cop win-rate = 100.0%  mean_rounds = 2.4  (283 ms/game)

--- k=3, kubelek=n12_dense, typ=planar  (n=12, m=30, T=20, cop=minimax(d=3,adaptive), robber=minimax(d=3,adaptive)) ---
  -> cop win-rate = 100.0%  mean_rounds = 1.1  (791 ms/game)

--- k=3, kubelek=n30_sparse, typ=any  (n=30, m=45, T=50, cop=minimax(d=3,adaptive), robber=minimax(d=3,adaptive)) ---
  -> cop win-rate = 100.0%  mean_rounds = 3.4  (1026 ms/game)

--- k=3, kubelek=n30_sparse, typ=tree  (n=30, m=29, T=50, cop=minimax(d=3,adaptive), robber=minimax(d=3,adaptive)) ---
  -> cop win-rate = 100.0%  mean_rounds = 4.3  (663 ms/game)

--- k=3, kubelek=n30_sparse, typ=planar  (n=30, m=45, T=50, cop=minimax(d=3,adaptive), robber=minimax(d=3,adaptive)) ---
  -> cop win-rate = 100.0%  mean_rounds = 3.3  (1096 ms/game)

--- k=3, kubelek=n30_dense, typ=any  (n=30, m=75, T=50, cop=minimax(d=3,adaptive), robber=minimax(d=3,adaptive)) ---
  -> cop win-rate = 98.5%  mean_rounds = 3.9  (10381 ms/game)

--- k=3, kubelek=n30_dense, typ=tree  (n=30, m=29, T=50, cop=minimax(d=3,adaptive), robber=minimax(d=3,adaptive)) ---
  -> cop win-rate = 100.0%  mean_rounds = 4.3  (660 ms/game)

--- k=3, kubelek=n30_dense, typ=planar  (n=30, m=75, T=50, cop=minimax(d=3,adaptive), robber=minimax(d=3,adaptive)) ---
  -> cop win-rate = 100.0%  mean_rounds = 2.4  (16270 ms/game)

Zapisano: src/results/exp4_cops_x_type.csv

================================================================
WIN-RATE POLICJANTÓW  (wiersz = k, kolumna = typ grafu)
================================================================
       k \ typ           any          tree        planar
--------------------------------------------------------

[n12_sparse]
             1         19.0%        100.0%         22.5%
             2        100.0%        100.0%        100.0%
             3        100.0%        100.0%        100.0%

[n12_dense]
             1         18.5%        100.0%         20.5%
             2        100.0%        100.0%        100.0%
             3        100.0%        100.0%        100.0%

[n30_sparse]
             1         12.5%        100.0%          8.0%
             2         97.5%        100.0%         99.5%
             3        100.0%        100.0%        100.0%

[n30_dense]
             1          3.5%        100.0%         25.5%
             2         53.0%        100.0%         93.5%
             3         98.5%        100.0%        100.0%

Czas laczny: 1053.2 s

Oczekiwane: drzewa @ k=1 ~= 100%, planarne @ k=3 ~= 100%,
           dowolne @ k=1 - nizsze niz przy k=3.

[exp4_cops_x_type] exit_code=0 elapsed=1053.3s

=== plot_results ===
$ /home/antek/studia/MSI/kombinatoryczne/Graph-Theft-Auto/.venv/bin/python -m cops_and_robbers.experiments.plot_results --results-dir src/results --exp 2 3 4
matplotlib is required for plotting. Install with: pip install matplotlib

[plot_results] exit_code=1 elapsed=0.0s
